[numpy.org/doc/stable/user/index.html]
[backblue.gif]
[fade.gif]
[index.html]
[numpy.org/doc/stable/_static/styles/theme3dd4.css]
[numpy.org/doc/stable/_static/styles/pydata-sphinx-theme3dd4.css]
[numpy.org/doc/stable/_static/pygmentsacbc.css]
[numpy.org/doc/stable/_static/graphvizb400.css]
[numpy.org/doc/stable/_static/plot_directive.css]
[numpy.org/doc/stable/_static/copybutton3129.css]
[numpy.org/doc/stable/_static/sphinx-design.min7991.css]
[numpy.org/doc/stable/_static/numpyed86.css]
[numpy.org/doc/stable/_static/scripts/bootstrap3dd4.js]
[numpy.org/doc/stable/_static/scripts/fontawesome3dd4.js]
[numpy.org/doc/stable/_static/scripts/pydata-sphinx-theme3dd4.js]
[numpy.org/doc/stable/_static/documentation_options8e76.js]
[numpy.org/doc/stable/_static/doctools56c1.js]
[numpy.org/doc/stable/_static/sphinx_highlight7f57.js]
[numpy.org/doc/stable/_static/clipboard.min4664.js]
[numpy.org/doc/stable/_static/copybuttonf3cb.js]
[numpy.org/doc/stable/_static/design-tabs62df.js]
[numpy.org/doc/stable/user/whatisnumpy.html]
[numpy.org/doc/stable/user/quickstart.html]
[numpy.org/doc/stable/user/absolute_beginners.html]
[numpy.org/doc/stable/user/basics.html]
[numpy.org/doc/stable/user/numpy-for-matlab-users.html]
[numpy.org/doc/stable/user/howtos_index.html]
[numpy.org/doc/stable/user/c-info.html]
[numpy.org/doc/stable/user/basics.interoperability.html]
[numpy.org/doc/stable/user/basics.creation.html]
[numpy.org/doc/stable/user/basics.indexing.html]
[numpy.org/doc/stable/user/basics.io.html]
[numpy.org/doc/stable/user/basics.types.html]
[numpy.org/doc/stable/user/basics.broadcasting.html]
[numpy.org/doc/stable/user/basics.copies.html]
[numpy.org/doc/stable/user/basics.strings.html]
[numpy.org/doc/stable/user/basics.rec.html]
[numpy.org/doc/stable/user/index.html]
[numpy.org/doc/stable/user/basics.ufuncs.html]
[numpy.org/doc/stable/_static/basic.css]
[numpy.org/doc/stable/_static/styles/theme3dd4.css]
[numpy.org/doc/stable/_static/styles/pydata-sphinx-theme3dd4.css]
[numpy.org/doc/stable/_static/pygmentsacbc.css]
[numpy.org/doc/stable/_static/graphvizb400.css]
[numpy.org/doc/stable/_static/plot_directive.css]
[numpy.org/doc/stable/_static/copybutton3129.css]
[numpy.org/doc/stable/_static/sphinx-design.min7991.css]
[numpy.org/doc/stable/_static/numpyed86.css]
[numpy.org/doc/stable/user/whatisnumpy.html]
[numpy.org/doc/stable/_static/scipy-mathjax/MathJaxb1f1.js]
[numpy.org/doc/stable/_images/quickstart-1.png]
[numpy.org/doc/stable/_images/quickstart-2.png]
[numpy.org/doc/stable/user/quickstart.html]
[numpy.org/doc/stable/_images/np_indexing.png]
[numpy.org/doc/stable/_images/np_array_dataones.png]
[numpy.org/doc/stable/_images/np_data_plus_ones.png]
[numpy.org/doc/stable/_images/np_sub_mult_divide.png]
[numpy.org/doc/stable/_images/np_multiply_broadcasting.png]
[numpy.org/doc/stable/_images/np_aggregation.png]
[numpy.org/doc/stable/_images/np_create_matrix.png]
[numpy.org/doc/stable/_images/np_matrix_indexing.png]
[numpy.org/doc/stable/_images/np_matrix_aggregation.png]
[numpy.org/doc/stable/_images/np_matrix_aggregation_row.png]
[numpy.org/doc/stable/_images/np_matrix_arithmetic.png]
[numpy.org/doc/stable/_images/np_matrix_broadcasting.png]
[numpy.org/doc/stable/_images/np_ones_zeros_random.png]
[numpy.org/doc/stable/_images/np_ones_zeros_matrix.png]
[numpy.org/doc/stable/_images/np_transposing_reshaping.png]
[numpy.org/doc/stable/_images/np_reshape.png]
[numpy.org/doc/stable/_images/np_MSE_formula.png]
[numpy.org/doc/stable/_images/np_MSE_implementation.png]
[numpy.org/doc/stable/_images/np_mse_viz1.png]
[numpy.org/doc/stable/_images/np_mse_viz2.png]
[numpy.org/doc/stable/_images/np_MSE_explanation2.png]
[numpy.org/doc/stable/_images/np_pandas.png]
[numpy.org/doc/stable/_images/np_readcsv.png]
[numpy.org/doc/stable/_images/matplotlib1.png]
[numpy.org/doc/stable/_images/matplotlib2.png]
[numpy.org/doc/stable/_images/matplotlib3.png]
[numpy.org/doc/stable/user/absolute_beginners.html]
[numpy.org/doc/stable/user/basics.html]
[numpy.org/doc/stable/user/numpy-for-matlab-users.html]
[numpy.org/doc/stable/user/how-to-how-to.html]
[numpy.org/doc/stable/user/how-to-io.html]
[numpy.org/doc/stable/user/how-to-index.html]
[numpy.org/doc/stable/user/how-to-verify-bug.html]
[numpy.org/doc/stable/user/howtos_index.html]
[numpy.org/doc/stable/user/how-to-partition.html]
[numpy.org/doc/stable/user/c-info.how-to-extend.html]
[numpy.org/doc/stable/user/c-info.python-as-glue.html]
[numpy.org/doc/stable/user/c-info.ufunc-tutorial.html]
[numpy.org/doc/stable/user/c-info.html]
[numpy.org/doc/stable/user/c-info.beyond-basics.html]
[numpy.org/doc/stable/user/basics.subclassing.html]
[numpy.org/doc/stable/user/basics.interoperability.html]
[numpy.org/doc/stable/user/basics.creation.html]
[numpy.org/doc/stable/user/basics.indexing.html]
[numpy.org/doc/stable/user/basics.dispatch.html]
[numpy.org/doc/stable/user/basics.io.html]
[numpy.org/doc/stable/user/basics.types.html]
[numpy.org/doc/stable/user/basics.io.genfromtxt.html]
[numpy.org/doc/stable/_images/broadcasting_1.png]
[numpy.org/doc/stable/_images/broadcasting_2.png]
[numpy.org/doc/stable/_images/broadcasting_3.png]
[numpy.org/doc/stable/_images/broadcasting_4.png]
[numpy.org/doc/stable/_images/broadcasting_5.png]
[numpy.org/doc/stable/user/basics.broadcasting.html]
[numpy.org/doc/stable/user/basics.copies.html]
[numpy.org/doc/stable/user/basics.strings.html]
[numpy.org/doc/stable/user/basics.rec.html]
[numpy.org/doc/stable/user/basics.ufuncs.html]
[numpy.org/doc/stable/_static/file.png]
[numpy.org/doc/stable/_static/basic.css]
[numpy.org/doc/stable/user/how-to-how-to.html]
[numpy.org/doc/stable/user/how-to-io.html]
[numpy.org/doc/stable/user/how-to-index.html]
[numpy.org/doc/stable/user/how-to-verify-bug.html]
[numpy.org/doc/stable/_images/meshgrid_plot.png]
[numpy.org/doc/stable/user/how-to-partition.html]
[numpy.org/doc/stable/user/c-info.how-to-extend.html]
[numpy.org/doc/stable/user/c-info.python-as-glue.html]
[numpy.org/doc/stable/user/c-info.ufunc-tutorial.html]
[numpy.org/doc/stable/user/c-info.beyond-basics.html]
[numpy.org/doc/stable/user/basics.subclassing.html]
[numpy.org/doc/stable/user/basics.dispatch.html]
[numpy.org/doc/stable/user/basics.io.genfromtxt.html]
[numpy.org/doc/stable/user/byteswapping.html]
[numpy.org/doc/stable/user/byteswapping.html]
